 userelemLib

 Timestamp is 6721e3f6 (Wed Oct 30 08:44:54 2024)

 Preferred load address is 0000000180000000

 Start         Length     Name                   Class
 0001:00000000 00018c74H .text                   CODE
 0001:00018c80 0000007bH .text$x                 CODE
 0002:00000000 000001c8H .idata$5                DATA
 0002:000001c8 00000008H .CRT$XCA                DATA
 0002:000001d0 00000008H .CRT$XCU                DATA
 0002:000001d8 00000008H .CRT$XCZ                DATA
 0002:000001e0 00000008H .CRT$XIA                DATA
 0002:000001e8 00000008H .CRT$XIAA               DATA
 0002:000001f0 00000008H .CRT$XIC                DATA
 0002:000001f8 00000008H .CRT$XIZ                DATA
 0002:00000200 00001bc0H .rdata                  DATA
 0002:00001dc0 00000008H .rtc$IAA                DATA
 0002:00001dc8 00000008H .rtc$IZZ                DATA
 0002:00001dd0 00000008H .rtc$TAA                DATA
 0002:00001dd8 00000008H .rtc$TZZ                DATA
 0002:00001de0 000007fcH .xdata                  DATA
 0002:000025dc 00000078H .idata$2                DATA
 0002:00002654 00000014H .idata$3                DATA
 0002:00002668 000001c8H .idata$4                DATA
 0002:00002830 000003dcH .idata$6                DATA
 0002:00002c10 0000004bH .edata                  DATA
 0003:00000000 000016e0H .data                   DATA
 0003:000016e0 0155dfa8H .bss                    DATA
 0004:00000000 000005b8H .pdata                  DATA
 0005:00000000 00001200H _RDATA                  DATA
 0006:00000000 00000058H .rsrc$01                DATA
 0006:00000060 00000180H .rsrc$02                DATA

  Address         Publics by Value              Rva+Base               Lib:Object

 0000:00000000       ___safe_se_handler_table   0000000000000000     <absolute>
 0000:00000000       ___safe_se_handler_count   0000000000000000     <absolute>
 0000:00000000       __ImageBase                0000000180000000     <linker-defined>
 0001:00000000       MODULE_COHELEM.            0000000180001000 f   USERELEM.obj
 0001:00000010       USERELEM                   0000000180001010 f   USERELEM.obj
 0001:00005d80       DAMAGE                     0000000180006d80 f   USERELEM.obj
 0001:00007ca0       DISPLACEMENTS              0000000180008ca0 f   USERELEM.obj
 0001:000085e0       JACOBIAN                   00000001800095e0 f   USERELEM.obj
 0001:00008f40       SHAPEFUNC                  0000000180009f40 f   USERELEM.obj
 0001:00009460       INTEGRATIONPOINTS          000000018000a460 f   USERELEM.obj
 0001:0000a650       CRACKTIPIDENTIFICATION     000000018000b650 f   USERELEM.obj
 0001:0000a7f0       JINTEGRALCALC              000000018000b7f0 f   USERELEM.obj
 0001:0000aae0       INTERNALFORCE              000000018000bae0 f   USERELEM.obj
 0001:0000b190       TANGENTSTIFFNESS           000000018000c190 f   USERELEM.obj
 0001:0000c1d0       SLOPES                     000000018000d1d0 f   USERELEM.obj
 0001:0000c520       ADJUSTCYCLESPROPAGATION    000000018000d520 f   USERELEM.obj
 0001:0000c6d0       CYCLESPROPAGATION          000000018000d6d0 f   USERELEM.obj
 0001:0000c830       CRACKIDENTIFICATION        000000018000d830 f   USERELEM.obj
 0001:0000ce40       PROPERTIES                 000000018000de40 f   USERELEM.obj
 0001:0000cf40       DAMAGEFATIGUE              000000018000df40 f   USERELEM.obj
 0001:0000db70       DAMAGESTATIC               000000018000eb70 f   USERELEM.obj
 0001:0000de20       RATES                      000000018000ee20 f   USERELEM.obj
 0001:0000e260       INITIATIONVARIABLES        000000018000f260 f   USERELEM.obj
 0001:0000e3f0       FATIGUEINITIATION          000000018000f3f0 f   USERELEM.obj
 0001:0000eb40       ERHANDLER                  000000018000fb40 f   ANSYS:ANSYS.exe
 0001:0000eb46       PPLOCK                     000000018000fb46 f   ansOpenMP:ansOpenMP.dll
 0001:0000eb4c       PPUNLOCK                   000000018000fb4c f   ansOpenMP:ansOpenMP.dll
 0001:0000eb52       for_check_mult_overflow64  000000018000fb52 f   libifcoremd:libifcoremd.dll
 0001:0000eb58       for_alloc_allocatable      000000018000fb58 f   libifcoremd:libifcoremd.dll
 0001:0000eb5e       for_dealloc_allocatable    000000018000fb5e f   libifcoremd:libifcoremd.dll
 0001:0000eb64       pow                        000000018000fb64 f   libmmd:libmmd.dll
 0001:0000eb80       __chkstk                   000000018000fb80 f   MSVCRT:chkstk.obj
 0001:0000eb80       _alloca_probe              000000018000fb80     MSVCRT:chkstk.obj
 0001:0000ec30       _CRT_INIT                  000000018000fc30 f   MSVCRT:crtdll.obj
 0001:0000ee7c       _DllMainCRTStartup         000000018000fe7c f   MSVCRT:crtdll.obj
 0001:0000eff2       __CppXcptFilter            000000018000fff2 f   MSVCRT:MSVCR110.dll
 0001:0000eff8       _amsg_exit                 000000018000fff8 f   MSVCRT:MSVCR110.dll
 0001:0000f000       _FindPESection             0000000180010000 f   MSVCRT:pesect.obj
 0001:0000f050       _IsNonwritableInCurrentImage 0000000180010050 f   MSVCRT:pesect.obj
 0001:0000f0a0       _ValidateImageBase         00000001800100a0 f   MSVCRT:pesect.obj
 0001:0000f0d0       __atonexitinit             00000001800100d0 f   MSVCRT:atonexit.obj
 0001:0000f120       _onexit                    0000000180010120 f   MSVCRT:atonexit.obj
 0001:0000f1d0       atexit                     00000001800101d0 f   MSVCRT:atonexit.obj
 0001:0000f1e8       __security_init_cookie     00000001800101e8 f   MSVCRT:gs_support.obj
 0001:0000f2a0       DllMain                    00000001800102a0 f   MSVCRT:dllmain.obj
 0001:0000f2c4       _RTC_Initialize            00000001800102c4 f   MSVCRT:initsect.obj
 0001:0000f2fc       _RTC_Terminate             00000001800102fc f   MSVCRT:initsect.obj
 0001:0000f334       _initterm                  0000000180010334 f   MSVCRT:MSVCR110.dll
 0001:0000f33a       _initterm_e                000000018001033a f   MSVCRT:MSVCR110.dll
 0001:0000f340       __clean_type_info_names    0000000180010340 f   MSVCRT:tncleanup.obj
 0001:0000f34c       __C_specific_handler       000000018001034c f   MSVCRT:MSVCR110.dll
 0001:0000f352       _lock                      0000000180010352 f   MSVCRT:MSVCR110.dll
 0001:0000f358       _unlock                    0000000180010358 f   MSVCRT:MSVCR110.dll
 0001:0000f35e       __dllonexit                000000018001035e f   MSVCRT:MSVCR110.dll
 0001:0000f364       __clean_type_info_names_internal 0000000180010364 f   MSVCRT:MSVCR110.dll
 0001:0000f370       _intel_fast_memset.A       0000000180010370 f   libirc:fastmemset.obj
 0001:0000f380       _intel_fast_memset.J       0000000180010380 f   libirc:fastmemset.obj
 0001:0000f390       _intel_fast_memset.V       0000000180010390 f   libirc:fastmemset.obj
 0001:0000f3a0       _intel_fast_memset.Z       00000001800103a0 f   libirc:fastmemset.obj
 0001:0000f3b0       _intel_fast_memset         00000001800103b0 f   libirc:fastmemset.obj
 0001:0000f430       _intel_fast_memcpy.A       0000000180010430 f   libirc:fastmemcpy.obj
 0001:0000f440       _intel_fast_memcpy.J       0000000180010440 f   libirc:fastmemcpy.obj
 0001:0000f450       _intel_fast_memcpy.V       0000000180010450 f   libirc:fastmemcpy.obj
 0001:0000f460       _intel_fast_memcpy.Z       0000000180010460 f   libirc:fastmemcpy.obj
 0001:0000f470       _intel_fast_memcpy         0000000180010470 f   libirc:fastmemcpy.obj
 0001:0000f4f0       __intel_memset             00000001800104f0 f   libirc:fast_memset.obj
 0001:0000f4f0       __intel_new_memset         00000001800104f0 f   libirc:fast_memset.obj
 0001:0000fef0       __intel_avx_rep_memset     0000000180010ef0 f   libirc:intel_avx_rep_memset.obj
 0001:00010f40       __intel_mic_avx512f_memset 0000000180011f40 f   libirc:intel_mic_avx512f_memset.obj
 0001:00012840       __intel_cpu_features_init  0000000180013840 f   libirc:cpu_feature_disp.obj
 0001:00012de0       __intel_memcpy             0000000180013de0 f   libirc:fast_memcpy.obj
 0001:00012de0       __intel_new_memcpy         0000000180013de0 f   libirc:fast_memcpy.obj
 0001:00013e90       __intel_avx_rep_memcpy     0000000180014e90 f   libirc:intel_avx_rep_memcpy.obj
 0001:00015740       __intel_mic_avx512f_memcpy 0000000180016740 f   libirc:intel_mic_avx512f_memcpy.obj
 0001:00017a20       __libirc_print             0000000180018a20 f   libirc:irc_msg_support.obj
 0001:000184c0       __intel_lib_wrappers_init  00000001800194c0 f   libirc:intel_lib_vs_wrappers_init.obj
 0001:00018a50       memset                     0000000180019a50 f   MSVCRT:MSVCR110.dll
 0001:00018a56       memcpy                     0000000180019a56 f   MSVCRT:MSVCR110.dll
 0001:00018a70       __security_check_cookie    0000000180019a70 f   MSVCRT:amdsecgs.obj
 0001:00018a90       __GSHandlerCheck           0000000180019a90 f   MSVCRT:gshandler.obj
 0001:00018ab0       __GSHandlerCheckCommon     0000000180019ab0 f   MSVCRT:gshandler.obj
 0001:00018b14       getenv                     0000000180019b14 f   MSVCRT:MSVCR110.dll
 0001:00018b1a       exit                       0000000180019b1a f   MSVCRT:MSVCR110.dll
 0001:00018b20       strlen                     0000000180019b20 f   MSVCRT:MSVCR110.dll
 0001:00018b26       strncpy                    0000000180019b26 f   MSVCRT:MSVCR110.dll
 0001:00018b2c       strcat_s                   0000000180019b2c f   MSVCRT:MSVCR110.dll
 0001:00018b32       _errno                     0000000180019b32 f   MSVCRT:MSVCR110.dll
 0001:00018b38       __raise_securityfailure    0000000180019b38 f   MSVCRT:gs_report.obj
 0001:00018b84       __report_gsfailure         0000000180019b84 f   MSVCRT:gs_report.obj
 0001:00018c56       __crt_debugger_hook        0000000180019c56 f   MSVCRT:MSVCR110.dll
 0001:00018c5c       __crtUnhandledException    0000000180019c5c f   MSVCRT:MSVCR110.dll
 0001:00018c62       __crtTerminateProcess      0000000180019c62 f   MSVCRT:MSVCR110.dll
 0001:00018c68       __crtCapturePreviousContext 0000000180019c68 f   MSVCRT:MSVCR110.dll
 0001:00018c6e       IsProcessorFeaturePresent  0000000180019c6e f   kernel32:KERNEL32.dll
 0002:00000000       __imp_ERHANDLER            000000018001a000     ANSYS:ANSYS.exe
 0002:00000008       \177ANSYS_NULL_THUNK_DATA  000000018001a008     ANSYS:ANSYS.exe
 0002:00000010       __imp_IsDebuggerPresent    000000018001a010     kernel32:KERNEL32.dll
 0002:00000018       __imp_EnterCriticalSection 000000018001a018     kernel32:KERNEL32.dll
 0002:00000020       __imp_GetEnvironmentVariableA 000000018001a020     kernel32:KERNEL32.dll
 0002:00000028       __imp_GetModuleHandleExA   000000018001a028     kernel32:KERNEL32.dll
 0002:00000030       __imp_GetProcAddress       000000018001a030     kernel32:KERNEL32.dll
 0002:00000038       __imp_LeaveCriticalSection 000000018001a038     kernel32:KERNEL32.dll
 0002:00000040       __imp_LoadLibraryExA       000000018001a040     kernel32:KERNEL32.dll
 0002:00000048       __imp_InitializeCriticalSection 000000018001a048     kernel32:KERNEL32.dll
 0002:00000050       __imp_GetThreadLocale      000000018001a050     kernel32:KERNEL32.dll
 0002:00000058       __imp_LoadLibraryA         000000018001a058     kernel32:KERNEL32.dll
 0002:00000060       __imp_FormatMessageA       000000018001a060     kernel32:KERNEL32.dll
 0002:00000068       __imp_DisableThreadLibraryCalls 000000018001a068     kernel32:KERNEL32.dll
 0002:00000070       __imp_GetTickCount64       000000018001a070     kernel32:KERNEL32.dll
 0002:00000078       __imp_GetSystemTimeAsFileTime 000000018001a078     kernel32:KERNEL32.dll
 0002:00000080       __imp_GetCurrentThreadId   000000018001a080     kernel32:KERNEL32.dll
 0002:00000088       __imp_QueryPerformanceCounter 000000018001a088     kernel32:KERNEL32.dll
 0002:00000090       __imp_DecodePointer        000000018001a090     kernel32:KERNEL32.dll
 0002:00000098       __imp_EncodePointer        000000018001a098     kernel32:KERNEL32.dll
 0002:000000a0       __imp_IsProcessorFeaturePresent 000000018001a0a0     kernel32:KERNEL32.dll
 0002:000000a8       \177KERNEL32_NULL_THUNK_DATA 000000018001a0a8     kernel32:KERNEL32.dll
 0002:000000b0       __imp__onexit              000000018001a0b0     MSVCRT:MSVCR110.dll
 0002:000000b8       __imp___clean_type_info_names_internal 000000018001a0b8     MSVCRT:MSVCR110.dll
 0002:000000c0       __imp__calloc_crt          000000018001a0c0     MSVCRT:MSVCR110.dll
 0002:000000c8       __imp__unlock              000000018001a0c8     MSVCRT:MSVCR110.dll
 0002:000000d0       __imp__lock                000000018001a0d0     MSVCRT:MSVCR110.dll
 0002:000000d8       __imp___C_specific_handler 000000018001a0d8     MSVCRT:MSVCR110.dll
 0002:000000e0       __imp__initterm_e          000000018001a0e0     MSVCRT:MSVCR110.dll
 0002:000000e8       __imp__initterm            000000018001a0e8     MSVCRT:MSVCR110.dll
 0002:000000f0       __imp__malloc_crt          000000018001a0f0     MSVCRT:MSVCR110.dll
 0002:000000f8       __imp_free                 000000018001a0f8     MSVCRT:MSVCR110.dll
 0002:00000100       __imp__amsg_exit           000000018001a100     MSVCRT:MSVCR110.dll
 0002:00000108       __imp___CppXcptFilter      000000018001a108     MSVCRT:MSVCR110.dll
 0002:00000110       __imp___crtCapturePreviousContext 000000018001a110     MSVCRT:MSVCR110.dll
 0002:00000118       __imp___crtTerminateProcess 000000018001a118     MSVCRT:MSVCR110.dll
 0002:00000120       __imp___crtUnhandledException 000000018001a120     MSVCRT:MSVCR110.dll
 0002:00000128       __imp___dllonexit          000000018001a128     MSVCRT:MSVCR110.dll
 0002:00000130       __imp___crt_debugger_hook  000000018001a130     MSVCRT:MSVCR110.dll
 0002:00000138       __imp__errno               000000018001a138     MSVCRT:MSVCR110.dll
 0002:00000140       __imp_strcat_s             000000018001a140     MSVCRT:MSVCR110.dll
 0002:00000148       __imp_memset               000000018001a148     MSVCRT:MSVCR110.dll
 0002:00000150       __imp_memcpy               000000018001a150     MSVCRT:MSVCR110.dll
 0002:00000158       __imp_getenv               000000018001a158     MSVCRT:MSVCR110.dll
 0002:00000160       __imp_exit                 000000018001a160     MSVCRT:MSVCR110.dll
 0002:00000168       __imp_strlen               000000018001a168     MSVCRT:MSVCR110.dll
 0002:00000170       __imp_strncpy              000000018001a170     MSVCRT:MSVCR110.dll
 0002:00000178       \177MSVCR110_NULL_THUNK_DATA 000000018001a178     MSVCRT:MSVCR110.dll
 0002:00000180       __imp_PPLOCK               000000018001a180     ansOpenMP:ansOpenMP.dll
 0002:00000188       __imp_PPUNLOCK             000000018001a188     ansOpenMP:ansOpenMP.dll
 0002:00000190       \177ansOpenMP_NULL_THUNK_DATA 000000018001a190     ansOpenMP:ansOpenMP.dll
 0002:00000198       __imp_for_dealloc_allocatable 000000018001a198     libifcoremd:libifcoremd.dll
 0002:000001a0       __imp_for_check_mult_overflow64 000000018001a1a0     libifcoremd:libifcoremd.dll
 0002:000001a8       __imp_for_alloc_allocatable 000000018001a1a8     libifcoremd:libifcoremd.dll
 0002:000001b0       \177libifcoremd_NULL_THUNK_DATA 000000018001a1b0     libifcoremd:libifcoremd.dll
 0002:000001b8       __imp_pow                  000000018001a1b8     libmmd:libmmd.dll
 0002:000001c0       \177libmmd_NULL_THUNK_DATA 000000018001a1c0     libmmd:libmmd.dll
 0002:000001c8       __xc_a                     000000018001a1c8     MSVCRT:cinitexe.obj
 0002:000001d8       __xc_z                     000000018001a1d8     MSVCRT:cinitexe.obj
 0002:000001e0       __xi_a                     000000018001a1e0     MSVCRT:cinitexe.obj
 0002:000001f8       __xi_z                     000000018001a1f8     MSVCRT:cinitexe.obj
 0002:00000980       _pDefaultRawDllMain        000000018001a980     MSVCRT:crtdll.obj
 0002:00000980       _pRawDllMain               000000018001a980     MSVCRT:crtdll.obj
 0002:00000988       ??_C@_0BF@A@__INTEL_LIBIRC_DEBUG?$AA@ 000000018001a988     libirc:fast_mem_ops.obj
 0002:00000d80       ??_C@_01A@?6?$AA@          000000018001ad80     libirc:irc_msg_support.obj
 0002:00000d84       ??_C@_0CO@A@Constant?5propagation?5error?5?$CI?$CFs?5substitution?$CJ?3?$AA@ 000000018001ad84     libirc:irc_msg_support.obj
 0002:00000db4       ??_C@_06A@FORMAL?$AA@      000000018001adb4     libirc:irc_msg_support.obj
 0002:00000dbc       ??_C@_06A@RETURN?$AA@      000000018001adbc     libirc:irc_msg_support.obj
 0002:00000dc4       ??_C@_06A@GLOBAL?$AA@      000000018001adc4     libirc:irc_msg_support.obj
 0002:00000dcc       ??_C@_0BA@A@?7I32?5?$CFlx?5?$CB?$DN?5?$CFlx?$AA@ 000000018001adcc     libirc:irc_msg_support.obj
 0002:00000ddc       ??_C@_0BB@A@?7SI32?5?$CFld?5?$CB?$DN?5?$CFld?$AA@ 000000018001addc     libirc:irc_msg_support.obj
 0002:00000df0       ??_C@_0O@A@?7F32?5?$CFf?5?$CB?$DN?5?$CFf?$AA@ 000000018001adf0     libirc:irc_msg_support.obj
 0002:00000e00       ??_C@_0BI@A@?7I64?5?$CFlx?3?$CFlx?5?$CB?$DN?5?$CFlx?3?$CFlx?$AA@ 000000018001ae00     libirc:irc_msg_support.obj
 0002:00000e18       ??_C@_0BJ@A@?7SI64?5?$CFld?3?$CFld?5?$CB?$DN?5?$CFld?3?$CFld?$AA@ 000000018001ae18     libirc:irc_msg_support.obj
 0002:00000e34       ??_C@_0O@A@?7F64?5?$CFf?5?$CB?$DN?5?$CFf?$AA@ 000000018001ae34     libirc:irc_msg_support.obj
 0002:00000e44       ??_C@_0BE@A@Bad?5second?5argument?$AA@ 000000018001ae44     libirc:irc_msg_support.obj
 0002:00000e58       ??_C@_0CH@A@Fatal?5Error?3?5Can?5not?5initiate?5the?5Heap?$AA@ 000000018001ae58     libirc:irc_msg_support.obj
 0002:00000e80       ??_C@_0CB@A@Usage?3?5?$CFs?5input_file?5output_file?$AA@ 000000018001ae80     libirc:irc_msg_support.obj
 0002:00000ea4       ??_C@_0CL@A@Usage?3?5?$CFs?5segment_size?5input_file?5?$FL?9trace?$FN?$AA@ 000000018001aea4     libirc:irc_msg_support.obj
 0002:00000ed0       ??_C@_0DE@A@Conversion?5from?5text?5file?5?$CFs?5to?5binary?5?$CFs?5completed?$AA@ 000000018001aed0     libirc:irc_msg_support.obj
 0002:00000f04       ??_C@_0BJ@A@segment_size?5?$DN?50x?$CFx?5?$DN?5?$CFd?$AA@ 000000018001af04     libirc:irc_msg_support.obj
 0002:00000f20       ??_C@_0DF@A@Cannot?5allocate?5memory?5to?5hold?5segment?5?$CIsize?5?$DN?50x?$CFx?$CJ?$AA@ 000000018001af20     libirc:irc_msg_support.obj
 0002:00000f58       ??_C@_0BJ@A@Input?5file?3?5?$CFs?5corrupted?$AA@ 000000018001af58     libirc:irc_msg_support.obj
 0002:00000f74       ??_C@_0BE@A@routine_name?5?$DN?5?8?$CFs?8?$AA@ 000000018001af74     libirc:irc_msg_support.obj
 0002:00000f88       ??_C@_0BE@A@file_name?5?5?5?5?$DN?5?8?$CFs?8?$AA@ 000000018001af88     libirc:irc_msg_support.obj
 0002:00000f9c       ??_C@_0BE@A@prof_dir?5?5?5?5?5?$DN?5?8?$CFs?8?$AA@ 000000018001af9c     libirc:irc_msg_support.obj
 0002:00000fb0       ??_C@_0CP@A@Dynamic?5profile?5created?5from?5file?5?$CFs?5completed?$AA@ 000000018001afb0     libirc:irc_msg_support.obj
 0002:00000fe0       ??_C@_0FA@A@Fatal?5Error?3?5This?5program?5was?5not?5built?5to?5run?5on?5the?5processor?5in?5your?5system?4?$AA@ 000000018001afe0     libirc:irc_msg_support.obj
 0002:00001040       ??_C@_0CA@A@The?5allowed?5processors?5are?3?5?$CFs?4?$AA@ 000000018001b040     libirc:irc_msg_support.obj
 0002:00001060       ??_C@_0FC@A@Run?9Time?5Check?5Failure?3?5The?5variable?5?8?$CFs?8?5is?5being?5used?5without?5being?5initialized?$AA@ 000000018001b060     libirc:irc_msg_support.obj
 0002:000010c0       ??_C@_0CN@A@Error?3?5?5Buffer?5overrun?5occurred?0?5forced?5exit?$AA@ 000000018001b0c0     libirc:irc_msg_support.obj
 0002:000010f0       ??_C@_0DH@A@Initialization?5of?5symbol?5handler?5failed?4?5Error?5code?5?$CFd?$AA@ 000000018001b0f0     libirc:irc_msg_support.obj
 0002:00001128       ??_C@_0BH@A@NTDLL?5module?5not?5found?$AA@ 000000018001b128     libirc:irc_msg_support.obj
 0002:00001140       ??_C@_0DC@A@RtlCaptureContext?5function?5not?5found?5in?5ntdll?4dll?$AA@ 000000018001b140     libirc:irc_msg_support.obj
 0002:00001180       ??_C@_0EB@A@?5Windows?5XP?564?9bit?5Edition?5Version?52003?5or?5newer?5should?5be?5used?4?$AA@ 000000018001b180     libirc:irc_msg_support.obj
 0002:000011e0       ??_C@_0DC@A@StackWalk?5is?5terminated?5abnormally?4?5Error?5code?5?$CFd?$AA@ 000000018001b1e0     libirc:irc_msg_support.obj
 0002:00001214       ??_C@_0CJ@A@Exception?5is?5raised?5during?5stack?5walking?$AA@ 000000018001b214     libirc:irc_msg_support.obj
 0002:00001240       ??_C@_0BE@A@Signal?5?$CFs?5is?5raised?$AA@ 000000018001b240     libirc:irc_msg_support.obj
 0002:00001254       ??_C@_0BM@A@Signal?5?$CFs?5is?5raised?5at?50x?$CFp?$AA@ 000000018001b254     libirc:irc_msg_support.obj
 0002:00001270       ??_C@_07A@SIGSEGV?$AA@     000000018001b270     libirc:irc_msg_support.obj
 0002:00001278       ??_C@_06A@SIGILL?$AA@      000000018001b278     libirc:irc_msg_support.obj
 0002:00001280       ??_C@_06A@SIGBUS?$AA@      000000018001b280     libirc:irc_msg_support.obj
 0002:00001288       ??_C@_06A@SIGFPE?$AA@      000000018001b288     libirc:irc_msg_support.obj
 0002:00001290       ??_C@_07A@unknown?$AA@     000000018001b290     libirc:irc_msg_support.obj
 0002:00001298       ??_C@_08A@No?5error?$AA@   000000018001b298     libirc:irc_msg_support.obj
 0002:000012a4       ??_C@_0DM@A@You?5must?5link?5with?5libunwind?5to?5use?5traceback?5functionality?$AA@ 000000018001b2a4     libirc:irc_msg_support.obj
 0002:000012e0       ??_C@_0IL@A@Intel?$CIR?$CJ?5Core?$CITM?$CJ?5Duo?5processors?5and?5compatible?5Intel?5processors?5with?5supplemental?5Streaming?5SIMD?5Extensions?53?5?$CISSSE3?$CJ?5instruction?5support?$AA@ 000000018001b2e0     libirc:irc_msg_support.obj
 0002:00001380       ??_C@_0IE@A@Intel?$CIR?$CJ?5Pentium?$CIR?$CJ?54?5and?5compatible?5Intel?5processors?5with?5Intel?$CIR?$CJ?5Streaming?5SIMD?5Extensions?53?5?$CIIntel?$CIR?$CJ?5SSE3?$CJ?5instruction?5support?$AA@ 000000018001b380     libirc:irc_msg_support.obj
 0002:00001420       ??_C@_0DG@A@Intel?$CIR?$CJ?5Pentium?$CIR?$CJ?5M?5and?5compatible?5Intel?5processors?$AA@ 000000018001b420     libirc:irc_msg_support.obj
 0002:00001460       ??_C@_0IH@A@Intel?$CIR?$CJ?5Pentium?$CIR?$CJ?54?5and?5compatible?5Intel?5processors?4?5Enables?5new?5optimizations?5in?5addition?5to?5Intel?5processor?9specific?5optimizations?$AA@ 000000018001b460     libirc:irc_msg_support.obj
 0002:00001500       ??_C@_0DI@A@Intel?$CIR?$CJ?5processors?5with?5Swing?5New?5Instructions?5support?$AA@ 000000018001b500     libirc:irc_msg_support.obj
 0002:00001540       ??_C@_0EA@A@Intel?$CIR?$CJ?5processors?5with?5SSE4?42?5and?5POPCNT?5instructions?5support?$AA@ 000000018001b540     libirc:irc_msg_support.obj
 0002:00001580       ??_C@_0DE@A@Intel?$CIR?$CJ?5processors?5with?5MOVBE?5instructions?5support?$AA@ 000000018001b580     libirc:irc_msg_support.obj
 0002:000015b4       ??_C@_0DP@A@Fatal?5Error?3?5This?5program?5was?5not?5built?5to?5run?5in?5your?5system?4?$AA@ 000000018001b5b4     libirc:irc_msg_support.obj
 0002:00001600       ??_C@_0FF@A@Please?5verify?5that?5both?5the?5operating?5system?5and?5the?5processor?5support?5Intel?$CIR?$CJ?5AVX?4?$AA@ 000000018001b600     libirc:irc_msg_support.obj
 0002:00001660       ??_C@_0HD@A@Please?5verify?5that?5both?5the?5operating?5system?5and?5the?5processor?5support?5Intel?$CIR?$CJ?5AVX?0?5F16C?5and?5RDRAND?5instructions?4?$AA@ 000000018001b660     libirc:irc_msg_support.obj
 0002:000016e0       ??_C@_0IB@A@Please?5verify?5that?5both?5the?5operating?5system?5and?5the?5processor?5support?5Intel?$CIR?$CJ?5AVX2?0?5BMI?0?5LZCNT?0?5HLE?0?5RTM?5and?5FMA?5instructions?4?$AA@ 000000018001b6e0     libirc:irc_msg_support.obj
 0002:00001780       ??_C@_0DC@A@Boundary?5Run?9Time?5Check?5Failure?5for?5variable?5?8?$CFs?8?$AA@ 000000018001b780     libirc:irc_msg_support.obj
 0002:000017b4       ??_C@_0CA@A@Boundary?5Run?9Time?5Check?5Failure?$AA@ 000000018001b7b4     libirc:irc_msg_support.obj
 0002:000017d4       ??_C@_0CC@A@Conversion?5Run?9Time?5Check?5Failure?$AA@ 000000018001b7d4     libirc:irc_msg_support.obj
 0002:00001800       ??_C@_0GB@A@Please?5verify?5that?5both?5the?5operating?5system?5and?5the?5processor?5support?5Intel?$CIR?$CJ?5?$CFs?5instructions?4?$AA@ 000000018001b800     libirc:irc_msg_support.obj
 0002:00001880       ??_C@_05A@?5and?5?$AA@     000000018001b880     libirc:irc_msg_support.obj
 0002:000018a0       ??_C@_0FG@A@Please?5verify?5that?5your?5application?5was?5built?5with?5compatible?5Intel?$CIR?$CJ?5libirc?5library?$AA@ 000000018001b8a0     libirc:irc_msg_support.obj
 0002:00001900       ??_C@_0EH@A@Use?5of?5incompatible?5or?5internally?5inconsistent?5Intel?$CIR?$CJ?5libirc?5library?$AA@ 000000018001b900     libirc:irc_msg_support.obj
 0002:00001960       ??_C@_0FI@A@Run?9Time?5Check?5Failure?3?5The?5variable?5?8?$CFs?8?5is?5being?5used?5in?5?$CFs?5without?5being?5initialized?$AA@ 000000018001b960     libirc:irc_msg_support.obj
 0002:000019c0       ??_C@_0GP@A@Cache?5size?5is?5incorrectly?5reported?5as?50?4?5Please?5engage?5your?5hardware?5and?1or?5OS?5support?5to?5address?5the?5problem?4?$AA@ 000000018001b9c0     libirc:irc_msg_support.obj
 0002:00001a40       ??_C@_06A@?$CFlu?1?$CFs?$AA@ 000000018001ba40     libirc:irc_msg_support.obj
 0002:00001a48       ??_C@_0M@A@irc_msg?4dll?$AA@ 000000018001ba48     libirc:irc_msg_support.obj
 0002:00001a54       ??_C@_06A@?$CDdummy?$AA@   000000018001ba54     libirc:intel_lib_vs_wrappers_init.obj
 0002:00001a5c       ??_C@_07A@?$CDprintf?$AA@  000000018001ba5c     libirc:intel_lib_vs_wrappers_init.obj
 0002:00001a64       ??_C@_09A@?$CDprintf_s?$AA@ 000000018001ba64     libirc:intel_lib_vs_wrappers_init.obj
 0002:00001a70       ??_C@_0M@A@?$CD__iob_func?$AA@ 000000018001ba70     libirc:intel_lib_vs_wrappers_init.obj
 0002:00001a7c       ??_C@_07A@?$CDfclose?$AA@  000000018001ba7c     libirc:intel_lib_vs_wrappers_init.obj
 0002:00001a84       ??_C@_07A@?$CDfflush?$AA@  000000018001ba84     libirc:intel_lib_vs_wrappers_init.obj
 0002:00001a8c       ??_C@_06A@?$CDfopen?$AA@   000000018001ba8c     libirc:intel_lib_vs_wrappers_init.obj
 0002:00001a94       ??_C@_08A@?$CDfopen_s?$AA@ 000000018001ba94     libirc:intel_lib_vs_wrappers_init.obj
 0002:00001aa0       ??_C@_08A@?$CDfprintf?$AA@ 000000018001baa0     libirc:intel_lib_vs_wrappers_init.obj
 0002:00001aac       ??_C@_0L@A@?$CDfprintf_s?$AA@ 000000018001baac     libirc:intel_lib_vs_wrappers_init.obj
 0002:00001ab8       ??_C@_09A@?$CDfwprintf?$AA@ 000000018001bab8     libirc:intel_lib_vs_wrappers_init.obj
 0002:00001ac4       ??_C@_0M@A@?$CDfwprintf_s?$AA@ 000000018001bac4     libirc:intel_lib_vs_wrappers_init.obj
 0002:00001ad0       ??_C@_0L@A@?$CD_snprintf?$AA@ 000000018001bad0     libirc:intel_lib_vs_wrappers_init.obj
 0002:00001adc       ??_C@_0N@A@?$CD_snprintf_s?$AA@ 000000018001badc     libirc:intel_lib_vs_wrappers_init.obj
 0002:00001aec       ??_C@_08A@?$CDsprintf?$AA@ 000000018001baec     libirc:intel_lib_vs_wrappers_init.obj
 0002:00001af8       ??_C@_0L@A@?$CDsprintf_s?$AA@ 000000018001baf8     libirc:intel_lib_vs_wrappers_init.obj
 0002:00001b04       ??_C@_07A@?$CDsscanf?$AA@  000000018001bb04     libirc:intel_lib_vs_wrappers_init.obj
 0002:00001b0c       ??_C@_09A@?$CDsscanf_s?$AA@ 000000018001bb0c     libirc:intel_lib_vs_wrappers_init.obj
 0002:00001b18       ??_C@_0M@A@?$CDswprintf_s?$AA@ 000000018001bb18     libirc:intel_lib_vs_wrappers_init.obj
 0002:00001b24       ??_C@_09A@?$CDvfprintf?$AA@ 000000018001bb24     libirc:intel_lib_vs_wrappers_init.obj
 0002:00001b30       ??_C@_0M@A@?$CDvfprintf_s?$AA@ 000000018001bb30     libirc:intel_lib_vs_wrappers_init.obj
 0002:00001b3c       ??_C@_08A@?$CDvprintf?$AA@ 000000018001bb3c     libirc:intel_lib_vs_wrappers_init.obj
 0002:00001b48       ??_C@_0L@A@?$CDvprintf_s?$AA@ 000000018001bb48     libirc:intel_lib_vs_wrappers_init.obj
 0002:00001b54       ??_C@_0M@A@?$CD_vscprintf?$AA@ 000000018001bb54     libirc:intel_lib_vs_wrappers_init.obj
 0002:00001b60       ??_C@_09A@?$CDvsprintf?$AA@ 000000018001bb60     libirc:intel_lib_vs_wrappers_init.obj
 0002:00001b6c       ??_C@_0M@A@?$CDvsprintf_s?$AA@ 000000018001bb6c     libirc:intel_lib_vs_wrappers_init.obj
 0002:00001b78       ??_C@_0M@A@?$CD_vsnprintf?$AA@ 000000018001bb78     libirc:intel_lib_vs_wrappers_init.obj
 0002:00001b84       ??_C@_0O@A@?$CD_vsnprintf_s?$AA@ 000000018001bb84     libirc:intel_lib_vs_wrappers_init.obj
 0002:00001b94       ??_C@_0L@A@?$CDvswprintf?$AA@ 000000018001bb94     libirc:intel_lib_vs_wrappers_init.obj
 0002:00001ba0       ??_C@_08A@?$CDwprintf?$AA@ 000000018001bba0     libirc:intel_lib_vs_wrappers_init.obj
 0002:00001bac       ??_C@_0L@A@?$CDwprintf_s?$AA@ 000000018001bbac     libirc:intel_lib_vs_wrappers_init.obj
 0002:00001bb8       ??_C@_08A@?$CD_wfopen?$AA@ 000000018001bbb8     libirc:intel_lib_vs_wrappers_init.obj
 0002:00001bc4       ??_C@_0L@A@?$CD_wfopen_s?$AA@ 000000018001bbc4     libirc:intel_lib_vs_wrappers_init.obj
 0002:00001bd0       ??_C@_06A@?$CDfread?$AA@   000000018001bbd0     libirc:intel_lib_vs_wrappers_init.obj
 0002:00001bd8       ??_C@_07A@?$CDfwrite?$AA@  000000018001bbd8     libirc:intel_lib_vs_wrappers_init.obj
 0002:00001be0       ??_C@_06A@?$CDfgets?$AA@   000000018001bbe0     libirc:intel_lib_vs_wrappers_init.obj
 0002:00001be8       ??_C@_07A@?$CDfgetws?$AA@  000000018001bbe8     libirc:intel_lib_vs_wrappers_init.obj
 0002:00001bf0       ??_C@_06A@?$CDfgetc?$AA@   000000018001bbf0     libirc:intel_lib_vs_wrappers_init.obj
 0002:00001bf8       ??_C@_07A@?$CDfgetwc?$AA@  000000018001bbf8     libirc:intel_lib_vs_wrappers_init.obj
 0002:00001c00       ??_C@_06A@?$CDfputs?$AA@   000000018001bc00     libirc:intel_lib_vs_wrappers_init.obj
 0002:00001c08       ??_C@_07A@?$CDfputws?$AA@  000000018001bc08     libirc:intel_lib_vs_wrappers_init.obj
 0002:00001c10       ??_C@_06A@?$CDfputc?$AA@   000000018001bc10     libirc:intel_lib_vs_wrappers_init.obj
 0002:00001c18       ??_C@_07A@?$CDfputwc?$AA@  000000018001bc18     libirc:intel_lib_vs_wrappers_init.obj
 0002:00001c20       ??_C@_06A@?$CDftell?$AA@   000000018001bc20     libirc:intel_lib_vs_wrappers_init.obj
 0002:00001c28       ??_C@_07A@?$CDferror?$AA@  000000018001bc28     libirc:intel_lib_vs_wrappers_init.obj
 0002:00001c30       ??_C@_08A@?$CDfreopen?$AA@ 000000018001bc30     libirc:intel_lib_vs_wrappers_init.obj
 0002:00001c3c       ??_C@_0L@A@?$CDfreopen_s?$AA@ 000000018001bc3c     libirc:intel_lib_vs_wrappers_init.obj
 0002:00001c48       ??_C@_0L@A@?$CD_wfreopen?$AA@ 000000018001bc48     libirc:intel_lib_vs_wrappers_init.obj
 0002:00001c54       ??_C@_07A@?$CDperror?$AA@  000000018001bc54     libirc:intel_lib_vs_wrappers_init.obj
 0002:00001c5c       ??_C@_07A@?$CD_errno?$AA@  000000018001bc5c     libirc:intel_lib_vs_wrappers_init.obj
 0002:00001c64       ??_C@_0BB@A@?$CD__acrt_iob_func?$AA@ 000000018001bc64     libirc:intel_lib_vs_wrappers_init.obj
 0002:00001c78       ??_C@_0BJ@A@?$CD__stdio_common_vfprintf?$AA@ 000000018001bc78     libirc:intel_lib_vs_wrappers_init.obj
 0002:00001c94       ??_C@_0BK@A@?$CD__stdio_common_vfwprintf?$AA@ 000000018001bc94     libirc:intel_lib_vs_wrappers_init.obj
 0002:00001cb0       ??_C@_0BJ@A@?$CD__stdio_common_vsprintf?$AA@ 000000018001bcb0     libirc:intel_lib_vs_wrappers_init.obj
 0002:00001ccc       ??_C@_0BK@A@?$CD__stdio_common_vswprintf?$AA@ 000000018001bccc     libirc:intel_lib_vs_wrappers_init.obj
 0002:00001ce8       ??_C@_0BI@A@?$CD__stdio_common_vsscanf?$AA@ 000000018001bce8     libirc:intel_lib_vs_wrappers_init.obj
 0002:00001d00       ??_C@_0N@A@ucrtbase?4dll?$AA@ 000000018001bd00     libirc:intel_lib_vs_wrappers_init.obj
 0002:00001d10       ??_C@_0L@A@msvcrt?4dll?$AA@ 000000018001bd10     libirc:intel_lib_vs_wrappers_init.obj
 0002:00001d1c       ??_C@_0L@A@SYSTEMROOT?$AA@ 000000018001bd1c     libirc:intel_lib_vs_wrappers_init.obj
 0002:00001d28       ??_C@_0L@A@?2system32?2?$AA@ 000000018001bd28     libirc:intel_lib_vs_wrappers_init.obj
 0002:00001d50       _load_config_used          000000018001bd50     MSVCRT:loadcfg.obj
 0002:00001dc0       __rtc_iaa                  000000018001bdc0     MSVCRT:initsect.obj
 0002:00001dc8       __rtc_izz                  000000018001bdc8     MSVCRT:initsect.obj
 0002:00001dd0       __rtc_taa                  000000018001bdd0     MSVCRT:initsect.obj
 0002:00001dd8       __rtc_tzz                  000000018001bdd8     MSVCRT:initsect.obj
 0002:000025dc       __IMPORT_DESCRIPTOR_ANSYS  000000018001c5dc     ANSYS:ANSYS.exe
 0002:000025f0       __IMPORT_DESCRIPTOR_ansOpenMP 000000018001c5f0     ansOpenMP:ansOpenMP.dll
 0002:00002604       __IMPORT_DESCRIPTOR_libifcoremd 000000018001c604     libifcoremd:libifcoremd.dll
 0002:00002618       __IMPORT_DESCRIPTOR_libmmd 000000018001c618     libmmd:libmmd.dll
 0002:0000262c       __IMPORT_DESCRIPTOR_MSVCR110 000000018001c62c     MSVCRT:MSVCR110.dll
 0002:00002640       __IMPORT_DESCRIPTOR_KERNEL32 000000018001c640     kernel32:KERNEL32.dll
 0002:00002654       __NULL_IMPORT_DESCRIPTOR   000000018001c654     ANSYS:ANSYS.exe
 0003:00000b60       _fltused                   000000018001db60     MSVCRT:dllsupp.obj
 0003:00000b64       __native_dllmain_reason    000000018001db64     MSVCRT:natstart.obj
 0003:00000b68       __security_cookie          000000018001db68     MSVCRT:gs_cookie.obj
 0003:00000b70       __security_cookie_complement 000000018001db70     MSVCRT:gs_cookie.obj
 0003:00001380       __libirc_largest_cache_size 000000018001e380     libirc:fast_mem_ops.obj
 0003:00001384       __libirc_largest_cache_size_half 000000018001e384     libirc:fast_mem_ops.obj
 0003:00001388       __libirc_data_cache_size   000000018001e388     libirc:fast_mem_ops.obj
 0003:0000138c       __libirc_data_cache_size_half 000000018001e38c     libirc:fast_mem_ops.obj
 0003:00001390       __libirc_largest_cache_size_quoter 000000018001e390     libirc:fast_mem_ops.obj
 0003:00001394       __libirc_copy_loop_threshold 000000018001e394     libirc:fast_mem_ops.obj
 0003:00001398       __libirc_rep_move_threshold 000000018001e398     libirc:fast_mem_ops.obj
 0003:0000139c       __libirc_set_loop_threshold 000000018001e39c     libirc:fast_mem_ops.obj
 0003:000013c0       __intel_lib_lp_func        000000018001e3c0     libirc:intel_lib_vs_wrappers_init.obj
 0003:000016e8       ?__type_info_root_node@@3U__type_info_node@@A 000000018001e6e8     MSVCRT:tncleanup.obj
 0003:000016f8       __intel_cpu_feature_indicator 000000018001e6f8     libirc:cpu_feature_disp.obj
 0003:00001700       __intel_cpu_feature_indicator_x 000000018001e700     libirc:cpu_feature_disp.obj
 0003:00001764       __libirc_mem_ops_method    000000018001e764     libirc:fast_mem_ops.obj
 0003:00001768       __libirc_largest_cachelinesize 000000018001e768     libirc:fast_mem_ops.obj
 0003:00002418       MODULE_COHELEM_mp_ITERATION 000000018001f418     <common>
 0003:00002420       MODULE_COHELEM_mp_SUBSTEP  000000018001f420     <common>
 0003:00002440       MODULE_COHELEM_mp_CRACKTIP 000000018001f440     <common>
 0003:000024a0       MODULE_COHELEM_mp_CRACKNUMBERS 000000018001f4a0     <common>
 0003:00063f20       MODULE_COHELEM_mp_PROPCRACKS 0000000180080f20     <common>
 0003:00063f60       MODULE_COHELEM_mp_JIS      0000000180080f60     <common>
 0003:00805160       MODULE_COHELEM_mp_JIIS     0000000180822160     <common>
 0003:00fa6360       MODULE_COHELEM_mp_NEIGHBOURS 0000000180fc3360     <common>
 0003:0112cd60       MODULE_COHELEM_mp_DELTANINITELEM 0000000181149d60     <common>
 0003:011f0260       MODULE_COHELEM_mp_SEVERITYINITELEM 000000018120d260     <common>
 0003:012b3760       MODULE_COHELEM_mp_DINITELEM 00000001812d0760     <common>
 0003:01376c60       MODULE_COHELEM_mp_DELTANPROPCRACK 0000000181393c60     <common>
 0003:01376cc0       MODULE_COHELEM_mp_DELTANINITCRACK 0000000181393cc0     <common>
 0003:01376cc8       MODULE_COHELEM_mp_DELTAN   0000000181393cc8     <common>
 0003:01376ce0       MODULE_COHELEM_mp_JI       0000000181393ce0     <common>
 0003:01376d40       MODULE_COHELEM_mp_JII      0000000181393d40     <common>
 0003:01376da0       MODULE_COHELEM_mp_NUMELEMFPZ 0000000181393da0     <common>
 0003:01376de0       MODULE_COHELEM_mp_NUMDAMELEM 0000000181393de0     <common>
 0003:01376e20       MODULE_COHELEM_mp_CRACKGROWTH 0000000181393e20     <common>
 0003:01376e80       MODULE_COHELEM_mp_INITIATEDCRACK 0000000181393e80     <common>
 0003:013d8900       MODULE_COHELEM_mp_ELEMLENGTHS 00000001813f5900     <common>
 0003:0149be00       MODULE_COHELEM_mp_SLOPEINITELEM 00000001814b8e00     <common>
 0003:0155f300       MODULE_COHELEM_mp_CPARISICRACK 000000018157c300     <common>
 0003:0155f360       MODULE_COHELEM_mp_CPARISIICRACK 000000018157c360     <common>
 0003:0155f3c0       MODULE_COHELEM_mp_CPARISMCRACK 000000018157c3c0     <common>
 0003:0155f420       MODULE_COHELEM_mp_MPARISICRACK 000000018157c420     <common>
 0003:0155f480       MODULE_COHELEM_mp_MPARISIICRACK 000000018157c480     <common>
 0003:0155f4e0       MODULE_COHELEM_mp_MPARISMCRACK 000000018157c4e0     <common>
 0003:0155f540       MODULE_COHELEM_mp_GICCRACK 000000018157c540     <common>
 0003:0155f5a0       MODULE_COHELEM_mp_GIICCRACK 000000018157c5a0     <common>
 0003:0155f600       MODULE_COHELEM_mp_BKETACRACK 000000018157c600     <common>
 0003:0155f660       __native_startup_lock      000000018157c660     <common>
 0003:0155f668       __native_startup_state     000000018157c668     <common>
 0003:0155f670       __onexitend                000000018157c670     <common>
 0003:0155f678       __onexitbegin              000000018157c678     <common>
 0003:0155f680       __dyn_tls_init_callback    000000018157c680     <common>

 entry point at        0001:0000ee7c

 Static symbols

 0001:00009420       INTEGRATIONPOINTS..0       000000018000a420 f   USERELEM.obj
 0001:0000eb70       $$000000                   000000018000fb70     MSVCRT:chkstk.obj
 0001:0000ebd0       pre_c_init                 000000018000fbd0 f   MSVCRT:crtdll.obj
 0001:0000eebc       __DllMainCRTStartup        000000018000febc f   MSVCRT:crtdll.obj
 0001:00012860       __intel_cpu_features_init_body 0000000180013860 f   libirc:cpu_feature_disp.obj
 0001:00017280       __sti____libirc_tmp        0000000180018280 f   libirc:fast_mem_ops.obj
 0001:00017d40       wrapper_sprintf_s          0000000180018d40 f   libirc:intel_lib_vs_wrappers_init.obj
 0001:00017d80       wrapper_snprintf_s         0000000180018d80 f   libirc:intel_lib_vs_wrappers_init.obj
 0001:00017dc0       wrapper_swprintf_s         0000000180018dc0 f   libirc:intel_lib_vs_wrappers_init.obj
 0001:00017e00       wrapper_vsprintf_s         0000000180018e00 f   libirc:intel_lib_vs_wrappers_init.obj
 0001:00017e20       wrapper__vsnprintf_s       0000000180018e20 f   libirc:intel_lib_vs_wrappers_init.obj
 0001:00017e50       wrapper_fopen_s            0000000180018e50 f   libirc:intel_lib_vs_wrappers_init.obj
 0001:00017e90       wrapper_freopen_s          0000000180018e90 f   libirc:intel_lib_vs_wrappers_init.obj
 0001:00017ed0       wrapper__wfopen_s          0000000180018ed0 f   libirc:intel_lib_vs_wrappers_init.obj
 0001:00017f10       wrapper_oc___iob_func      0000000180018f10 f   libirc:intel_lib_vs_wrappers_init.obj
 0001:00017f20       wrapper_oc_printf          0000000180018f20 f   libirc:intel_lib_vs_wrappers_init.obj
 0001:00017fc0       wrapper_oc_fprintf         0000000180018fc0 f   libirc:intel_lib_vs_wrappers_init.obj
 0001:00018060       wrapper_oc_vprintf         0000000180019060 f   libirc:intel_lib_vs_wrappers_init.obj
 0001:000180e0       wrapper_oc_vfprintf        00000001800190e0 f   libirc:intel_lib_vs_wrappers_init.obj
 0001:00018160       wrapper_oc_wprintf         0000000180019160 f   libirc:intel_lib_vs_wrappers_init.obj
 0001:00018200       wrapper_oc_fwprintf        0000000180019200 f   libirc:intel_lib_vs_wrappers_init.obj
 0001:000182a0       wrapper_oc_sprintf         00000001800192a0 f   libirc:intel_lib_vs_wrappers_init.obj
 0001:00018300       wrapper_oc__snprintf       0000000180019300 f   libirc:intel_lib_vs_wrappers_init.obj
 0001:00018360       wrapper_oc_vsprintf        0000000180019360 f   libirc:intel_lib_vs_wrappers_init.obj
 0001:000183a0       wrapper_oc__vsnprintf      00000001800193a0 f   libirc:intel_lib_vs_wrappers_init.obj
 0001:000183e0       wrapper_oc__vscprintf      00000001800193e0 f   libirc:intel_lib_vs_wrappers_init.obj
 0001:00018420       wrapper_oc_vswprintf       0000000180019420 f   libirc:intel_lib_vs_wrappers_init.obj
 0001:00018460       wrapper_oc_sscanf          0000000180019460 f   libirc:intel_lib_vs_wrappers_init.obj
 0001:00018a20       error__errno               0000000180019a20 f   libirc:intel_lib_vs_wrappers_init.obj
 0001:00018a30       error_1                    0000000180019a30 f   libirc:intel_lib_vs_wrappers_init.obj
 0001:00018a40       error_0                    0000000180019a40 f   libirc:intel_lib_vs_wrappers_init.obj
 0001:00018a60       $$000000                   0000000180019a60     MSVCRT:amdsecgs.obj
 0001:00018c80       __DllMainCRTStartup$filt$0 0000000180019c80 f   MSVCRT:crtdll.obj
 0001:00018ca5       __DllMainCRTStartup$fin$1  0000000180019ca5 f   MSVCRT:crtdll.obj
 0001:00018cc0       _IsNonwritableInCurrentImage$filt$0 0000000180019cc0 f   MSVCRT:pesect.obj
 0001:00018ce0       _onexit$fin$0              0000000180019ce0 f   MSVCRT:atonexit.obj
 0002:000001e8       pcinit                     000000018001a1e8     MSVCRT:crtdll.obj
 0002:000001f0       pinit                      000000018001a1f0     MSVCRT:atonexit.obj
 0002:00000200       __NLITPACK_0.0.2           000000018001a200     USERELEM.obj
 0002:00000204       __NLITPACK_9.0.13          000000018001a204     USERELEM.obj
 0002:00000208       __NLITPACK_10.0.13         000000018001a208     USERELEM.obj
 0002:0000020c       __NLITPACK_7.0.10          000000018001a20c     USERELEM.obj
 0002:00000210       __NLITPACK_8.0.10          000000018001a210     USERELEM.obj
 0002:000002c8       __NLITPACK_1.0.7           000000018001a2c8     USERELEM.obj
 0002:000002cc       __NLITPACK_2.0.7           000000018001a2cc     USERELEM.obj
 0002:000002e0       __STRLITPACK_10            000000018001a2e0     USERELEM.obj
 0002:00000360       __STRLITPACK_22            000000018001a360     USERELEM.obj
 0002:000003e0       __STRLITPACK_19            000000018001a3e0     USERELEM.obj
 0002:00000460       __STRLITPACK_16            000000018001a460     USERELEM.obj
 0002:00000520       __STRLITPACK_13            000000018001a520     USERELEM.obj
 0002:000005a0       __STRLITPACK_4             000000018001a5a0     USERELEM.obj
 0002:00000640       __STRLITPACK_1             000000018001a640     USERELEM.obj
 0002:000006a0       _2il0floatpacket.4         000000018001a6a0     USERELEM.obj
 0002:000006b0       _2il0floatpacket.8         000000018001a6b0     USERELEM.obj
 0002:000006c0       _2il0floatpacket.11        000000018001a6c0     USERELEM.obj
 0002:000006d0       _2il0floatpacket.12        000000018001a6d0     USERELEM.obj
 0002:000006e0       _2il0floatpacket.33        000000018001a6e0     USERELEM.obj
 0002:000006f0       _2il0floatpacket.40        000000018001a6f0     USERELEM.obj
 0002:00000700       _2il0floatpacket.41        000000018001a700     USERELEM.obj
 0002:00000710       _2il0floatpacket.44        000000018001a710     USERELEM.obj
 0002:00000720       _2il0floatpacket.45        000000018001a720     USERELEM.obj
 0002:00000730       _2il0floatpacket.46        000000018001a730     USERELEM.obj
 0002:00000740       _2il0floatpacket.47        000000018001a740     USERELEM.obj
 0002:00000750       _2il0floatpacket.0         000000018001a750     USERELEM.obj
 0002:00000758       _2il0floatpacket.1         000000018001a758     USERELEM.obj
 0002:00000760       _2il0floatpacket.2         000000018001a760     USERELEM.obj
 0002:00000768       _2il0floatpacket.3         000000018001a768     USERELEM.obj
 0002:00000770       _2il0floatpacket.5         000000018001a770     USERELEM.obj
 0002:00000778       _2il0floatpacket.6         000000018001a778     USERELEM.obj
 0002:00000780       _2il0floatpacket.7         000000018001a780     USERELEM.obj
 0002:00000788       _2il0floatpacket.9         000000018001a788     USERELEM.obj
 0002:00000790       _2il0floatpacket.10        000000018001a790     USERELEM.obj
 0002:00000798       _2il0floatpacket.13        000000018001a798     USERELEM.obj
 0002:000007a0       _2il0floatpacket.14        000000018001a7a0     USERELEM.obj
 0002:000007a8       _2il0floatpacket.15        000000018001a7a8     USERELEM.obj
 0002:000007b0       _2il0floatpacket.16        000000018001a7b0     USERELEM.obj
 0002:000007b8       _2il0floatpacket.17        000000018001a7b8     USERELEM.obj
 0002:000007c0       _2il0floatpacket.18        000000018001a7c0     USERELEM.obj
 0002:000007c8       _2il0floatpacket.19        000000018001a7c8     USERELEM.obj
 0002:000007d0       _2il0floatpacket.20        000000018001a7d0     USERELEM.obj
 0002:000007d8       _2il0floatpacket.21        000000018001a7d8     USERELEM.obj
 0002:000007e0       _2il0floatpacket.22        000000018001a7e0     USERELEM.obj
 0002:000007e8       _2il0floatpacket.23        000000018001a7e8     USERELEM.obj
 0002:000007f0       _2il0floatpacket.24        000000018001a7f0     USERELEM.obj
 0002:000007f8       _2il0floatpacket.25        000000018001a7f8     USERELEM.obj
 0002:00000800       _2il0floatpacket.26        000000018001a800     USERELEM.obj
 0002:00000808       _2il0floatpacket.27        000000018001a808     USERELEM.obj
 0002:00000810       _2il0floatpacket.28        000000018001a810     USERELEM.obj
 0002:00000818       _2il0floatpacket.29        000000018001a818     USERELEM.obj
 0002:00000820       _2il0floatpacket.30        000000018001a820     USERELEM.obj
 0002:00000828       _2il0floatpacket.31        000000018001a828     USERELEM.obj
 0002:00000830       _2il0floatpacket.32        000000018001a830     USERELEM.obj
 0002:00000838       _2il0floatpacket.34        000000018001a838     USERELEM.obj
 0002:00000840       _2il0floatpacket.35        000000018001a840     USERELEM.obj
 0002:00000848       _2il0floatpacket.36        000000018001a848     USERELEM.obj
 0002:00000850       _2il0floatpacket.37        000000018001a850     USERELEM.obj
 0002:00000858       _2il0floatpacket.38        000000018001a858     USERELEM.obj
 0002:00000860       _2il0floatpacket.39        000000018001a860     USERELEM.obj
 0002:00000868       _2il0floatpacket.42        000000018001a868     USERELEM.obj
 0002:00000870       _2il0floatpacket.43        000000018001a870     USERELEM.obj
 0002:00000878       _2il0floatpacket.48        000000018001a878     USERELEM.obj
 0002:00000880       __NLITPACK_3.0.8           000000018001a880     USERELEM.obj
 0002:00000884       __NLITPACK_4.0.8           000000018001a884     USERELEM.obj
 0002:00000888       __STRLITPACK_11            000000018001a888     USERELEM.obj
 0002:00000894       __STRLITPACK_9             000000018001a894     USERELEM.obj
 0002:00000898       __STRLITPACK_26            000000018001a898     USERELEM.obj
 0002:000008a4       __NLITPACK_11.0.16         000000018001a8a4     USERELEM.obj
 0002:000008a8       __NLITPACK_12.0.16         000000018001a8a8     USERELEM.obj
 0002:000008ac       __STRLITPACK_25            000000018001a8ac     USERELEM.obj
 0002:000008c0       __STRLITPACK_24            000000018001a8c0     USERELEM.obj
 0002:000008c4       __STRLITPACK_23            000000018001a8c4     USERELEM.obj
 0002:000008d0       __NLITPACK_13.0.16         000000018001a8d0     USERELEM.obj
 0002:000008d4       __NLITPACK_14.0.16         000000018001a8d4     USERELEM.obj
 0002:000008d8       __STRLITPACK_21            000000018001a8d8     USERELEM.obj
 0002:000008dc       __STRLITPACK_20            000000018001a8dc     USERELEM.obj
 0002:000008e8       __NLITPACK_15.0.16         000000018001a8e8     USERELEM.obj
 0002:000008ec       __STRLITPACK_18            000000018001a8ec     USERELEM.obj
 0002:000008f0       __STRLITPACK_15            000000018001a8f0     USERELEM.obj
 0002:000008f4       __NLITPACK_16.0.16         000000018001a8f4     USERELEM.obj
 0002:000008f8       __STRLITPACK_17            000000018001a8f8     USERELEM.obj
 0002:00000904       __STRLITPACK_14            000000018001a904     USERELEM.obj
 0002:00000910       __NLITPACK_17.0.16         000000018001a910     USERELEM.obj
 0002:00000914       __STRLITPACK_12            000000018001a914     USERELEM.obj
 0002:00000918       __STRLITPACK_8             000000018001a918     USERELEM.obj
 0002:00000924       __STRLITPACK_7             000000018001a924     USERELEM.obj
 0002:00000954       __STRLITPACK_6             000000018001a954     USERELEM.obj
 0002:00000958       __STRLITPACK_3             000000018001a958     USERELEM.obj
 0002:0000095c       __STRLITPACK_5             000000018001a95c     USERELEM.obj
 0002:00000968       __NLITPACK_6.0.9           000000018001a968     USERELEM.obj
 0002:0000096c       __NLITPACK_5.0.9           000000018001a96c     USERELEM.obj
 0002:00000970       __STRLITPACK_0             000000018001a970     USERELEM.obj
 0002:00000974       __STRLITPACK_2             000000018001a974     USERELEM.obj
 0002:000009a0       irc_msgtab                 000000018001a9a0     libirc:irc_msg_support.obj
 0002:00001d38       GS_ExceptionPointers       000000018001bd38     MSVCRT:gs_report.obj
 0002:000021c8       $xdatasym                  000000018001c1c8     MSVCRT:chkstk.obj
 0002:000021d0       $unwind$_CRT_INIT          000000018001c1d0     MSVCRT:crtdll.obj
 0002:000021ec       $unwind$__DllMainCRTStartup 000000018001c1ec     MSVCRT:crtdll.obj
 0002:00002228       $unwind$_DllMainCRTStartup 000000018001c228     MSVCRT:crtdll.obj
 0002:00002238       $unwind$_IsNonwritableInCurrentImage 000000018001c238     MSVCRT:pesect.obj
 0002:0000225c       $unwind$_IsNonwritableInCurrentImage$filt$0 000000018001c25c     MSVCRT:pesect.obj
 0002:0000225c       $unwind$__DllMainCRTStartup$fin$1 000000018001c25c     MSVCRT:pesect.obj
 0002:0000225c       $unwind$__DllMainCRTStartup$filt$0 000000018001c25c     MSVCRT:pesect.obj
 0002:0000225c       $unwind$_onexit$fin$0      000000018001c25c     MSVCRT:pesect.obj
 0002:00002264       $unwind$_onexit            000000018001c264     MSVCRT:atonexit.obj
 0002:00002284       $unwind$__security_init_cookie 000000018001c284     MSVCRT:gs_support.obj
 0002:00002290       $unwind$_RTC_Initialize    000000018001c290     MSVCRT:initsect.obj
 0002:00002290       $unwind$_RTC_Terminate     000000018001c290     MSVCRT:initsect.obj
 0002:000025c0       $xdatasym                  000000018001c5c0     MSVCRT:amdsecgs.obj
 0002:000025c4       $unwind$__GSHandlerCheckCommon 000000018001c5c4     MSVCRT:gshandler.obj
 0002:000025c4       $unwind$__atonexitinit     000000018001c5c4     MSVCRT:gshandler.obj
 0002:000025c4       $unwind$pre_c_init         000000018001c5c4     MSVCRT:gshandler.obj
 0002:000025c4       $unwind$__raise_securityfailure 000000018001c5c4     MSVCRT:gshandler.obj
 0002:000025cc       $unwind$atexit             000000018001c5cc     MSVCRT:gshandler.obj
 0002:000025cc       $unwind$DllMain            000000018001c5cc     MSVCRT:gshandler.obj
 0002:000025cc       $unwind$__GSHandlerCheck   000000018001c5cc     MSVCRT:gshandler.obj
 0002:000025d4       $unwind$__report_gsfailure 000000018001c5d4     MSVCRT:gs_report.obj
 0002:0000283c       .idata$6                   000000018001c83c     ANSYS:ANSYS.exe
 0002:0000285c       .idata$6                   000000018001c85c     ansOpenMP:ansOpenMP.dll
 0002:000028b8       .idata$6                   000000018001c8b8     libifcoremd:libifcoremd.dll
 0002:000028ce       .idata$6                   000000018001c8ce     libmmd:libmmd.dll
 0002:00002942       .idata$6                   000000018001c942     MSVCRT:MSVCR110.dll
 0002:00002b18       .idata$6                   000000018001cb18     kernel32:KERNEL32.dll
 0002:00002c10       .edata                     000000018001cc10     userelemLib.exp
 0002:00002c38       rgpv                       000000018001cc38     userelemLib.exp
 0002:00002c3c       rgszName                   000000018001cc3c     userelemLib.exp
 0002:00002c40       rgwOrd                     000000018001cc40     userelemLib.exp
 0002:00002c42       szName                     000000018001cc42     userelemLib.exp
 0002:00002c52       $N00001                    000000018001cc52     userelemLib.exp
 0003:00000000       .T989_.0.9                 000000018001d000     USERELEM.obj
 0003:00000180       .T995_.0.9                 000000018001d180     USERELEM.obj
 0003:00000300       .T977_.0.9                 000000018001d300     USERELEM.obj
 0003:00000420       .T983_.0.9                 000000018001d420     USERELEM.obj
 0003:00000540       .T965_.0.9                 000000018001d540     USERELEM.obj
 0003:00000620       .T971_.0.9                 000000018001d620     USERELEM.obj
 0003:00000700       .T953_.0.9                 000000018001d700     USERELEM.obj
 0003:00000780       .T959_.0.9                 000000018001d780     USERELEM.obj
 0003:00000800       .T941_.0.9                 000000018001d800     USERELEM.obj
 0003:00000860       .T947_.0.9                 000000018001d860     USERELEM.obj
 0003:000008b0       .T929_.0.9                 000000018001d8b0     USERELEM.obj
 0003:000008f0       .T935_.0.9                 000000018001d8f0     USERELEM.obj
 0003:00000930       .T917_.0.9                 000000018001d930     USERELEM.obj
 0003:00000960       .T923_.0.9                 000000018001d960     USERELEM.obj
 0003:00000990       .T905_.0.9                 000000018001d990     USERELEM.obj
 0003:000009c0       .T911_.0.9                 000000018001d9c0     USERELEM.obj
 0003:000009f0       .T893_.0.9                 000000018001d9f0     USERELEM.obj
 0003:00000a10       .T899_.0.9                 000000018001da10     USERELEM.obj
 0003:00000a30       .T881_.0.9                 000000018001da30     USERELEM.obj
 0003:00000a50       .T887_.0.9                 000000018001da50     USERELEM.obj
 0003:00000a70       .T869_.0.9                 000000018001da70     USERELEM.obj
 0003:00000a90       .T875_.0.9                 000000018001da90     USERELEM.obj
 0003:00000ab0       .T857_.0.9                 000000018001dab0     USERELEM.obj
 0003:00000ad0       .T863_.0.9                 000000018001dad0     USERELEM.obj
 0003:00000af0       .T845_.0.9                 000000018001daf0     USERELEM.obj
 0003:00000b00       .T851_.0.9                 000000018001db00     USERELEM.obj
 0003:00000b10       .T833_.0.9                 000000018001db10     USERELEM.obj
 0003:00000b20       .T839_.0.9                 000000018001db20     USERELEM.obj
 0003:00000b30       .T821_.0.9                 000000018001db30     USERELEM.obj
 0003:00000b40       .T827_.0.9                 000000018001db40     USERELEM.obj
 0003:00000b80       cpuid2_cache_tbl           000000018001db80     libirc:fast_mem_ops.obj
 0003:000013a0       first_msg                  000000018001e3a0     libirc:irc_msg_support.obj
 0003:000013a4       use_internal_msg           000000018001e3a4     libirc:irc_msg_support.obj
 0003:000016e0       __proc_attached            000000018001e6e0     MSVCRT:crtdll.obj
 0003:00001720       __libirc_cache_tbl         000000018001e720     libirc:fast_mem_ops.obj
 0003:00001760       __libirc_tmp               000000018001e760     libirc:fast_mem_ops.obj
 0003:00001780       get_msg_buf                000000018001e780     libirc:irc_msg_support.obj
 0003:00001980       get_text_buf               000000018001e980     libirc:irc_msg_support.obj
 0003:00001b80       print_buf                  000000018001eb80     libirc:irc_msg_support.obj
 0003:00001d80       message_catalog            000000018001ed80     libirc:irc_msg_support.obj
 0003:00001da0       __intel_wrapper_init_mutex.11813.0.31 000000018001eda0     libirc:intel_lib_vs_wrappers_init.obj
 0003:00001de0       icrt___iob                 000000018001ede0     libirc:intel_lib_vs_wrappers_init.obj
 0003:00001e70       icrt___stdio_common_vfprintf 000000018001ee70     libirc:intel_lib_vs_wrappers_init.obj
 0003:00001e78       icrt___stdio_common_vfwprintf 000000018001ee78     libirc:intel_lib_vs_wrappers_init.obj
 0003:00001e80       icrt___stdio_common_vsprintf 000000018001ee80     libirc:intel_lib_vs_wrappers_init.obj
 0003:00001e88       icrt___stdio_common_vswprintf 000000018001ee88     libirc:intel_lib_vs_wrappers_init.obj
 0003:00001e90       icrt___stdio_common_vsscanf 000000018001ee90     libirc:intel_lib_vs_wrappers_init.obj
 0003:00001e98       icrt___acrt_iob_func       000000018001ee98     libirc:intel_lib_vs_wrappers_init.obj
 0003:00001ea0       GS_ExceptionRecord         000000018001eea0     MSVCRT:gs_report.obj
 0003:00001f40       GS_ContextRecord           000000018001ef40     MSVCRT:gs_report.obj
 0003:00002410       DebuggerWasPresent         000000018001f410     MSVCRT:gs_report.obj
 0004:000001bc       $pdata$pre_c_init          000000018157d1bc     MSVCRT:crtdll.obj
 0004:000001c8       $pdata$_CRT_INIT           000000018157d1c8     MSVCRT:crtdll.obj
 0004:000001d4       $pdata$_DllMainCRTStartup  000000018157d1d4     MSVCRT:crtdll.obj
 0004:000001e0       $pdata$__DllMainCRTStartup 000000018157d1e0     MSVCRT:crtdll.obj
 0004:000001ec       $pdata$_IsNonwritableInCurrentImage 000000018157d1ec     MSVCRT:pesect.obj
 0004:000001f8       $pdata$__atonexitinit      000000018157d1f8     MSVCRT:atonexit.obj
 0004:00000204       $pdata$_onexit             000000018157d204     MSVCRT:atonexit.obj
 0004:00000210       $pdata$atexit              000000018157d210     MSVCRT:atonexit.obj
 0004:0000021c       $pdata$__security_init_cookie 000000018157d21c     MSVCRT:gs_support.obj
 0004:00000228       $pdata$DllMain             000000018157d228     MSVCRT:dllmain.obj
 0004:00000234       $pdata$_RTC_Initialize     000000018157d234     MSVCRT:initsect.obj
 0004:00000240       $pdata$_RTC_Terminate      000000018157d240     MSVCRT:initsect.obj
 0004:00000558       $pdata$__GSHandlerCheck    000000018157d558     MSVCRT:gshandler.obj
 0004:00000564       $pdata$__GSHandlerCheckCommon 000000018157d564     MSVCRT:gshandler.obj
 0004:00000570       $pdata$__raise_securityfailure 000000018157d570     MSVCRT:gs_report.obj
 0004:0000057c       $pdata$__report_gsfailure  000000018157d57c     MSVCRT:gs_report.obj
 0004:00000588       $pdata$__DllMainCRTStartup$filt$0 000000018157d588     MSVCRT:crtdll.obj
 0004:00000594       $pdata$__DllMainCRTStartup$fin$1 000000018157d594     MSVCRT:crtdll.obj
 0004:000005a0       $pdata$_IsNonwritableInCurrentImage$filt$0 000000018157d5a0     MSVCRT:pesect.obj
 0004:000005ac       $pdata$_onexit$fin$0       000000018157d5ac     MSVCRT:atonexit.obj
 0005:00000000       AliPxDx                    000000018157e000     libirc:fast_memset.obj
 0005:00000040       setPxQx                    000000018157e040     libirc:fast_memset.obj
 0005:00000480       AliPxQx                    000000018157e480     libirc:fast_memset.obj
 0005:00000510       SSExDx                     000000018157e510     libirc:fast_memset.obj
 0005:00000b10       AliPxQx                    000000018157eb10     libirc:fast_memcpy.obj
 0005:00000b50       fwdPxQx                    000000018157eb50     libirc:fast_memcpy.obj
 0005:00001110       SSE_src                    000000018157f110     libirc:fast_memcpy.obj
 0005:00001190       Fix16EndTable              000000018157f190     libirc:fast_memcpy.obj
 0006:00000060       $R000000                   0000000181580060     * linker generated manifest res *
